Successfully mapped 25625 out of 25625 cells
Top 5 parameter combinations by F1 score:
    resolution  k_neighbors    recall  precision        f1  split_entropy
59         1.0            6  0.586444   0.287295  0.385659       2.164116
45         0.8            8  0.596267   0.282194  0.383086       1.947541
35         0.7            6  0.572692   0.286486  0.381919       1.958849
33         0.7            4  0.605108   0.276605  0.379661       1.931940
34         0.7            5  0.597250   0.277752  0.379171       1.998082

------------------------------------------------------------
Sender: LSF System <lsfadmin@farm22-gpu0203>
Subject: Job 69780: <T_DC_20pctsegleakage> in cluster <farm22> Done

Job <T_DC_20pctsegleakage> was submitted from host <farm22-head1> by user <sb75> in cluster <farm22> at Mon Mar 23 18:10:09 2026
Job was executed on host(s) <8*farm22-gpu0203>, in queue <gpu-huge>, as user <sb75> in cluster <farm22> at Mon Mar 23 18:28:41 2026
</nfs/users/nfs_s/sb75> was used as the home directory.
</nfs/team361/sb75/mintflow-reproducibility/analysis/benchmarking/sensitivity_analyses/eczema/analysis> was used as the working directory.
Started at Mon Mar 23 18:28:41 2026
Terminated at Mon Mar 23 18:43:04 2026
Results reported at Mon Mar 23 18:43:04 2026

Your job looked like:

------------------------------------------------------------
# LSBATCH: User input
#!/bin/bash
# BSUB -G team361
# BSUB -q gpu-huge
# BSUB -n 8
# BSUB -M 100000
# BSUB -R "select[mem>100000] rusage[mem=100000]"
# BSUB -gpu "num=1:mode=exclusive_process:gmem=20000"
# BSUB -J T_DC_20pctsegleakage
# BSUB -o T_DC_20pctsegleakage_%J.out
# BSUB -e T_DC_20pctsegleakage_%J.err

source /etc/profile.d/modules.sh
module load cellgen/conda
conda activate /software/cellgen/team361/ms83/envs/mintflow-revision/
python /nfs/team361/sb75/mintflow-reproducibility/analysis/benchmarking/sensitivity_analyses/eczema/analysis/R2C5_20pctsegleakage_T_DC.py

------------------------------------------------------------

Successfully completed.

Resource usage summary:

    CPU time :                                   708.00 sec.
    Max Memory :                                 1825 MB
    Average Memory :                             1401.13 MB
    Total Requested Memory :                     100000.00 MB
    Delta Memory :                               98175.00 MB
    Max Swap :                                   -
    Max Processes :                              4
    Max Threads :                                30
    Run time :                                   824 sec.
    Turnaround time :                            1975 sec.

The output (if any) is above this job summary.



PS:

Read file <T_DC_20pctsegleakage_69780.err> for stderr output of this job.

