
------------------------------------------------------------
Sender: LSF System <lsfadmin@dgx-c11-01>
Subject: Job 972157: <T_DC_15knn> in cluster <farm22> Exited

Job <T_DC_15knn> was submitted from host <farm22-head1> by user <sb75> in cluster <farm22> at Sun Mar 22 18:43:17 2026
Job was executed on host(s) <8*dgx-c11-01>, in queue <gpu-huge>, as user <sb75> in cluster <farm22> at Sun Mar 22 18:43:23 2026
</nfs/users/nfs_s/sb75> was used as the home directory.
</nfs/team361/sb75/mintflow-reproducibility/analysis/benchmarking/sensitivity_analyses/eczema/analysis> was used as the working directory.
Started at Sun Mar 22 18:43:23 2026
Terminated at Sun Mar 22 18:44:03 2026
Results reported at Sun Mar 22 18:44:03 2026

Your job looked like:

------------------------------------------------------------
# LSBATCH: User input
#!/bin/bash
# BSUB -G team361
# BSUB -q gpu-huge
# BSUB -n 8
# BSUB -M 100000
# BSUB -R "select[mem>100000] rusage[mem=100000]"
# BSUB -gpu "num=1:mode=exclusive_process:gmem=20000"
# BSUB -J T_DC_15knn
# BSUB -o T_DC_15knn_%J.out
# BSUB -e T_DC_15knn_%J.err

source /etc/profile.d/modules.sh
module load cellgen/conda
conda activate /software/cellgen/team361/ms83/envs/mintflow-revision/
python /nfs/team361/sb75/mintflow-reproducibility/analysis/benchmarking/sensitivity_analyses/eczema/analysis/R2C5_15knn_T_DC.py

------------------------------------------------------------

Exited with exit code 1.

Resource usage summary:

    CPU time :                                   15.00 sec.
    Max Memory :                                 64 MB
    Average Memory :                             49.25 MB
    Total Requested Memory :                     100000.00 MB
    Delta Memory :                               99936.00 MB
    Max Swap :                                   -
    Max Processes :                              4
    Max Threads :                                15
    Run time :                                   47 sec.
    Turnaround time :                            46 sec.

The output (if any) is above this job summary.



PS:

Read file <T_DC_15knn_972157.err> for stderr output of this job.

