Successfully mapped 25625 out of 25625 cells
Top 5 parameter combinations by F1 score:
    resolution  k_neighbors    recall  precision        f1  split_entropy
60         1.0            7  0.577603   0.320436  0.412198       2.175016
52         0.9            7  0.609037   0.310777  0.411550       2.064885
29         0.6            8  0.611984   0.309028  0.410679       1.843572
53         0.9            8  0.589391   0.314630  0.410256       2.147190
58         1.0            5  0.553045   0.323563  0.408267       2.297718

------------------------------------------------------------
Sender: LSF System <lsfadmin@farm22-gpu0203>
Subject: Job 972261: <T_DC_30pctlabelnoise> in cluster <farm22> Done

Job <T_DC_30pctlabelnoise> was submitted from host <farm22-head1> by user <sb75> in cluster <farm22> at Sun Mar 22 19:37:51 2026
Job was executed on host(s) <8*farm22-gpu0203>, in queue <gpu-huge>, as user <sb75> in cluster <farm22> at Sun Mar 22 19:40:47 2026
</nfs/users/nfs_s/sb75> was used as the home directory.
</nfs/team361/sb75/mintflow-reproducibility/analysis/benchmarking/sensitivity_analyses/eczema/analysis> was used as the working directory.
Started at Sun Mar 22 19:40:47 2026
Terminated at Sun Mar 22 19:53:21 2026
Results reported at Sun Mar 22 19:53:21 2026

Your job looked like:

------------------------------------------------------------
# LSBATCH: User input
#!/bin/bash
# BSUB -G team361
# BSUB -q gpu-huge
# BSUB -n 8
# BSUB -M 100000
# BSUB -R "select[mem>100000] rusage[mem=100000]"
# BSUB -gpu "num=1:mode=exclusive_process:gmem=20000"
# BSUB -J T_DC_30pctlabelnoise
# BSUB -o T_DC_30pctlabelnoise_%J.out
# BSUB -e T_DC_30pctlabelnoise_%J.err

source /etc/profile.d/modules.sh
module load cellgen/conda
conda activate /software/cellgen/team361/ms83/envs/mintflow-revision/
python /nfs/team361/sb75/mintflow-reproducibility/analysis/benchmarking/sensitivity_analyses/eczema/analysis/R2C5_30pctlabelnoise_T_DC.py

------------------------------------------------------------

Successfully completed.

Resource usage summary:

    CPU time :                                   696.00 sec.
    Max Memory :                                 1784 MB
    Average Memory :                             1379.35 MB
    Total Requested Memory :                     100000.00 MB
    Delta Memory :                               98216.00 MB
    Max Swap :                                   -
    Max Processes :                              4
    Max Threads :                                40
    Run time :                                   782 sec.
    Turnaround time :                            930 sec.

The output (if any) is above this job summary.



PS:

Read file <T_DC_30pctlabelnoise_972261.err> for stderr output of this job.

