Successfully mapped 25625 out of 25625 cells
Top 5 parameter combinations by F1 score:
    resolution  k_neighbors    recall  precision        f1  split_entropy
60         1.0            7  0.593320   0.346330  0.437364       2.107565
52         0.9            7  0.598232   0.340034  0.433606       2.077730
35         0.7            6  0.598232   0.324281  0.420580       2.044936
55         0.9           10  0.522593   0.341902  0.413364       2.219518
61         1.0            8  0.599214   0.314595  0.412580       1.932397

------------------------------------------------------------
Sender: LSF System <lsfadmin@farm22-gpu0203>
Subject: Job 972260: <T_DC_20pctlabelnoise> in cluster <farm22> Done

Job <T_DC_20pctlabelnoise> was submitted from host <farm22-head1> by user <sb75> in cluster <farm22> at Sun Mar 22 19:37:47 2026
Job was executed on host(s) <8*farm22-gpu0203>, in queue <gpu-huge>, as user <sb75> in cluster <farm22> at Sun Mar 22 19:39:52 2026
</nfs/users/nfs_s/sb75> was used as the home directory.
</nfs/team361/sb75/mintflow-reproducibility/analysis/benchmarking/sensitivity_analyses/eczema/analysis> was used as the working directory.
Started at Sun Mar 22 19:39:52 2026
Terminated at Sun Mar 22 19:53:21 2026
Results reported at Sun Mar 22 19:53:21 2026

Your job looked like:

------------------------------------------------------------
# LSBATCH: User input
#!/bin/bash
# BSUB -G team361
# BSUB -q gpu-huge
# BSUB -n 8
# BSUB -M 100000
# BSUB -R "select[mem>100000] rusage[mem=100000]"
# BSUB -gpu "num=1:mode=exclusive_process:gmem=20000"
# BSUB -J T_DC_20pctlabelnoise
# BSUB -o T_DC_20pctlabelnoise_%J.out
# BSUB -e T_DC_20pctlabelnoise_%J.err

source /etc/profile.d/modules.sh
module load cellgen/conda
conda activate /software/cellgen/team361/ms83/envs/mintflow-revision/
python /nfs/team361/sb75/mintflow-reproducibility/analysis/benchmarking/sensitivity_analyses/eczema/analysis/R2C5_20pctlabelnoise_T_DC.py

------------------------------------------------------------

Successfully completed.

Resource usage summary:

    CPU time :                                   701.00 sec.
    Max Memory :                                 1766 MB
    Average Memory :                             1276.08 MB
    Total Requested Memory :                     100000.00 MB
    Delta Memory :                               98234.00 MB
    Max Swap :                                   -
    Max Processes :                              4
    Max Threads :                                30
    Run time :                                   827 sec.
    Turnaround time :                            934 sec.

The output (if any) is above this job summary.



PS:

Read file <T_DC_20pctlabelnoise_972260.err> for stderr output of this job.

