Successfully mapped 25625 out of 25625 cells
Top 5 parameter combinations by F1 score:
    resolution  k_neighbors    recall  precision        f1  split_entropy
52         0.9            7  0.694499   0.301236  0.420208       1.797161
46         0.8            9  0.698428   0.297988  0.417744       1.622405
24         0.6            3  0.589391   0.322928  0.417246       2.029222
43         0.8            6  0.586444   0.322354  0.416028       1.922421
16         0.5            3  0.589391   0.321027  0.415656       1.980254

------------------------------------------------------------
Sender: LSF System <lsfadmin@dgx-c11-01>
Subject: Job 972257: <T_DC_20knn> in cluster <farm22> Done

Job <T_DC_20knn> was submitted from host <farm22-head1> by user <sb75> in cluster <farm22> at Sun Mar 22 19:37:29 2026
Job was executed on host(s) <8*dgx-c11-01>, in queue <gpu-huge>, as user <sb75> in cluster <farm22> at Sun Mar 22 19:37:35 2026
</nfs/users/nfs_s/sb75> was used as the home directory.
</nfs/team361/sb75/mintflow-reproducibility/analysis/benchmarking/sensitivity_analyses/eczema/analysis> was used as the working directory.
Started at Sun Mar 22 19:37:35 2026
Terminated at Sun Mar 22 19:53:45 2026
Results reported at Sun Mar 22 19:53:45 2026

Your job looked like:

------------------------------------------------------------
# LSBATCH: User input
#!/bin/bash
# BSUB -G team361
# BSUB -q gpu-huge
# BSUB -n 8
# BSUB -M 100000
# BSUB -R "select[mem>100000] rusage[mem=100000]"
# BSUB -gpu "num=1:mode=exclusive_process:gmem=20000"
# BSUB -J T_DC_20knn
# BSUB -o T_DC_20knn_%J.out
# BSUB -e T_DC_20knn_%J.err

source /etc/profile.d/modules.sh
module load cellgen/conda
conda activate /software/cellgen/team361/ms83/envs/mintflow-revision/
python /nfs/team361/sb75/mintflow-reproducibility/analysis/benchmarking/sensitivity_analyses/eczema/analysis/R2C5_20knn_T_DC.py

------------------------------------------------------------

Successfully completed.

Resource usage summary:

    CPU time :                                   962.00 sec.
    Max Memory :                                 1729 MB
    Average Memory :                             1422.96 MB
    Total Requested Memory :                     100000.00 MB
    Delta Memory :                               98271.00 MB
    Max Swap :                                   -
    Max Processes :                              4
    Max Threads :                                30
    Run time :                                   947 sec.
    Turnaround time :                            976 sec.

The output (if any) is above this job summary.



PS:

Read file <T_DC_20knn_972257.err> for stderr output of this job.

