Successfully mapped 25625 out of 25625 cells
Top 5 parameter combinations by F1 score:
    resolution  k_neighbors    recall  precision        f1  split_entropy
41         0.8            4  0.565815   0.345738  0.429210       2.285506
49         0.9            4  0.512770   0.368905  0.429100       2.592523
17         0.5            4  0.557957   0.343410  0.425150       2.105076
25         0.6            4  0.567780   0.339003  0.424532       2.152410
43         0.8            6  0.545187   0.346442  0.423664       2.275786

------------------------------------------------------------
Sender: LSF System <lsfadmin@dgx-c11-01>
Subject: Job 972327: <T_DC_10knn> in cluster <farm22> Done

Job <T_DC_10knn> was submitted from host <farm22-head1> by user <sb75> in cluster <farm22> at Sun Mar 22 20:03:01 2026
Job was executed on host(s) <8*dgx-c11-01>, in queue <gpu-huge>, as user <sb75> in cluster <farm22> at Sun Mar 22 20:03:03 2026
</nfs/users/nfs_s/sb75> was used as the home directory.
</nfs/team361/sb75/mintflow-reproducibility/analysis/benchmarking/sensitivity_analyses/eczema/analysis> was used as the working directory.
Started at Sun Mar 22 20:03:03 2026
Terminated at Sun Mar 22 20:18:17 2026
Results reported at Sun Mar 22 20:18:17 2026

Your job looked like:

------------------------------------------------------------
# LSBATCH: User input
#!/bin/bash
# BSUB -G team361
# BSUB -q gpu-huge
# BSUB -n 8
# BSUB -M 100000
# BSUB -R "select[mem>100000] rusage[mem=100000]"
# BSUB -gpu "num=1:mode=exclusive_process:gmem=20000"
# BSUB -J T_DC_10knn
# BSUB -o T_DC_10knn_%J.out
# BSUB -e T_DC_10knn_%J.err

source /etc/profile.d/modules.sh
module load cellgen/conda
conda activate /software/cellgen/team361/ms83/envs/mintflow-revision/
python /nfs/team361/sb75/mintflow-reproducibility/analysis/benchmarking/sensitivity_analyses/eczema/analysis/R2C5_10knn_T_DC.py

------------------------------------------------------------

Successfully completed.

Resource usage summary:

    CPU time :                                   904.00 sec.
    Max Memory :                                 1733 MB
    Average Memory :                             1396.00 MB
    Total Requested Memory :                     100000.00 MB
    Delta Memory :                               98267.00 MB
    Max Swap :                                   -
    Max Processes :                              4
    Max Threads :                                30
    Run time :                                   900 sec.
    Turnaround time :                            916 sec.

The output (if any) is above this job summary.



PS:

Read file <T_DC_10knn_972327.err> for stderr output of this job.

