!! Use ISG/conda module instead !!
Read migration guide https://cellgeni.readthedocs.io/en/latest/conda.html
/software/cellgen/team361/ms83/envs/mintflow-revision/lib/python3.11/site-packages/dask/dataframe/__init__.py:31: FutureWarning: The legacy Dask DataFrame implementation is deprecated and will be removed in a future version. Set the configuration option `dataframe.query-planning` to `True` or None to enable the new Dask Dataframe implementation and silence this warning.
  warnings.warn(
/software/cellgen/team361/ms83/envs/mintflow-revision/lib/python3.11/site-packages/xarray_schema/__init__.py:1: UserWarning: pkg_resources is deprecated as an API. See https://setuptools.pypa.io/en/latest/pkg_resources.html. The pkg_resources package is slated for removal as early as 2025-11-30. Refrain from using this package or pin to Setuptools<81.
  from pkg_resources import DistributionNotFound, get_distribution
/software/cellgen/team361/ms83/envs/mintflow-revision/lib/python3.11/site-packages/squidpy/gr/_utils.py:23: FutureWarning: `__version__` is deprecated, use `importlib.metadata.version('anndata')` instead.
  CAN_USE_SPARSE_ARRAY = Version(anndata.__version__) >= Version("0.11.0rc1")
/software/cellgen/team361/ms83/envs/mintflow-revision/lib/python3.11/site-packages/anndata/__init__.py:70: FutureWarning: Importing read_text from `anndata` is deprecated. Import anndata.io.read_text instead.
  return module_get_attr_redirect(attr_name, deprecated_mapping=_DEPRECATED)
Traceback (most recent call last):
  File "/nfs/team361/sb75/mintflow-reproducibility/analysis/benchmarking/sensitivity_analyses/eczema/analysis/R2C5_15knn_T_DC.py", line 22, in <module>
    adata = sc.read_h5ad(initDir + 'adata_mintflow_checkpoint_19.h5ad')
            ^^^^^^^^^^^^^^^^^^^^^^^^^^^^^^^^^^^^^^^^^^^^^^^^^^^^^^^^^^^
  File "/software/cellgen/team361/ms83/envs/mintflow-revision/lib/python3.11/site-packages/anndata/_io/h5ad.py", line 262, in read_h5ad
    with h5py.File(filename, "r") as f:
         ^^^^^^^^^^^^^^^^^^^^^^^^
  File "/software/cellgen/team361/ms83/envs/mintflow-revision/lib/python3.11/site-packages/h5py/_hl/files.py", line 566, in __init__
    fid = make_fid(name, mode, userblock_size, fapl, fcpl, swmr=swmr)
          ^^^^^^^^^^^^^^^^^^^^^^^^^^^^^^^^^^^^^^^^^^^^^^^^^^^^^^^^^^^
  File "/software/cellgen/team361/ms83/envs/mintflow-revision/lib/python3.11/site-packages/h5py/_hl/files.py", line 241, in make_fid
    fid = h5f.open(name, flags, fapl=fapl)
          ^^^^^^^^^^^^^^^^^^^^^^^^^^^^^^^^
  File "h5py/_objects.pyx", line 54, in h5py._objects.with_phil.wrapper
  File "h5py/_objects.pyx", line 55, in h5py._objects.with_phil.wrapper
  File "h5py/h5f.pyx", line 104, in h5py.h5f.open
FileNotFoundError: [Errno 2] Unable to synchronously open file (unable to open file: name = '/nfs/team361/sb75/mintflow-reproducibility/artifacts/benchmarking/results/sensitivity_analysis/eczema/15knn/adata_output/adata_mintflow_checkpoint_19.h5ad', errno = 2, error message = 'No such file or directory', flags = 0, o_flags = 0)
