!! Use ISG/conda module instead !!
Read migration guide https://cellgeni.readthedocs.io/en/latest/conda.html
/software/cellgen/team361/ms83/envs/mintflow-revision/lib/python3.11/site-packages/dask/dataframe/__init__.py:31: FutureWarning: The legacy Dask DataFrame implementation is deprecated and will be removed in a future version. Set the configuration option `dataframe.query-planning` to `True` or None to enable the new Dask Dataframe implementation and silence this warning.
  warnings.warn(
/software/cellgen/team361/ms83/envs/mintflow-revision/lib/python3.11/site-packages/xarray_schema/__init__.py:1: UserWarning: pkg_resources is deprecated as an API. See https://setuptools.pypa.io/en/latest/pkg_resources.html. The pkg_resources package is slated for removal as early as 2025-11-30. Refrain from using this package or pin to Setuptools<81.
  from pkg_resources import DistributionNotFound, get_distribution
/software/cellgen/team361/ms83/envs/mintflow-revision/lib/python3.11/site-packages/squidpy/gr/_utils.py:23: FutureWarning: `__version__` is deprecated, use `importlib.metadata.version('anndata')` instead.
  CAN_USE_SPARSE_ARRAY = Version(anndata.__version__) >= Version("0.11.0rc1")
/software/cellgen/team361/ms83/envs/mintflow-revision/lib/python3.11/site-packages/anndata/__init__.py:70: FutureWarning: Importing read_text from `anndata` is deprecated. Import anndata.io.read_text instead.
  return module_get_attr_redirect(attr_name, deprecated_mapping=_DEPRECATED)
/nfs/team361/sb75/mintflow-reproducibility/analysis/benchmarking/sensitivity_analyses/eczema/analysis/R2C5_30pctsegleakage_T_DC.py:135: FutureWarning: In the future, the default backend for leiden will be igraph instead of leidenalg.

 To achieve the future defaults please pass: flavor="igraph" and n_iterations=2.  directed must also be False to work with igraph's implementation.
  sc.tl.leiden(adata, resolution=i, key_added=cluster_key, neighbors_key=neighbors_key)
/nfs/team361/sb75/mintflow-reproducibility/analysis/benchmarking/sensitivity_analyses/eczema/analysis/R2C5_30pctsegleakage_T_DC.py:171: UserWarning: FigureCanvasAgg is non-interactive, and thus cannot be shown
  plt.show()
/nfs/team361/sb75/mintflow-reproducibility/analysis/benchmarking/sensitivity_analyses/eczema/analysis/R2C5_30pctsegleakage_T_DC.py:189: FutureWarning: 

Passing `palette` without assigning `hue` is deprecated and will be removed in v0.14.0. Assign the `x` variable to `hue` and set `legend=False` for the same effect.

  sns.boxplot(data=plot_df_01, x='Metric', y='Value', ax=axes[0], palette='Set2')
/nfs/team361/sb75/mintflow-reproducibility/analysis/benchmarking/sensitivity_analyses/eczema/analysis/R2C5_30pctsegleakage_T_DC.py:220: UserWarning: FigureCanvasAgg is non-interactive, and thus cannot be shown
  plt.show()
/nfs/team361/sb75/mintflow-reproducibility/analysis/benchmarking/sensitivity_analyses/eczema/analysis/R2C5_30pctsegleakage_T_DC.py:261: UserWarning: FigureCanvasAgg is non-interactive, and thus cannot be shown
  plt.show()
